// Jest Snapshot v1, https://goo.gl/fbAQLP

exports[`testeo en GifItem debe de hacer match con el snapshot 1`] = `
<div>
  <div
    class="card"
  >
    <button
      class="DeleteGifBoton"
    >
      x
    </button>
    <img
      alt="Saitama"
      src="https://one-punch.com/saitama.jpg"
    />
    <p>
      Saitama
    </p>
  </div>
</div>
`;
